# Symbols: https://github.com/SFML/SFML/blob/master/src/SFML/Window/Unix/KeySymToUnicodeMapping.cpp
# HackBerry: https://github.com/ZitaoTech/Hackberry-Pi_Zero/tree/main/Keyboard

# Without Alt,Sym,Left/Right Shift
keycode 113 = dollar


# With Alt key
keycode 130 = bar
keycode 135 = Control_q
keycode 136 = Control_w
keycode 137 = Control_e
keycode 138 = Control_r
keycode 139 = Control_t
keycode 140 = Control_y
keycode 141 = Control_u
keycode 142 = Control_i
keycode 143 = Control_o
keycode 144 = Control_p

keycode 149 = Control_a
keycode 150 = Control_s
keycode 151 = Control_d
keycode 152 = Control_f
keycode 153 = Control_g
keycode 154 = Control_h
keycode 155 = Control_j
keycode 156 = Control_k
keycode 157 = Control_l

keycode 163 = Control_z
keycode 164 = Control_x
keycode 165 = Control_c
keycode 166 = Control_v
keycode 167 = Control_b
keycode 168 = Control_n
keycode 169 = Control_m

# With Sym key



altgr keycode 16 = asciitilde
altgr keycode 17 = grave
altgr keycode 18 = braceleft
altgr keycode 19 = braceright
altgr keycode 20 = bracketleft
altgr keycode 21 = bracketright
altgr keycode 22 = less
altgr keycode 23 = greater
altgr keycode 24 = asciicircum
altgr keycode 25 = percent

altgr keycode 30 = equal
altgr keycode 31 = division
altgr keycode 32 = plusminus
altgr keycode 33 = periodcentered
altgr keycode 34 = backslash
altgr keycode 35 = bar
altgr keycode 36 = ampersand
altgr keycode 37 = quotedbl # leftdoublequotemark
altgr keycode 38 = quotedbl # rightdoublequotemark

altgr keycode 44 = yen
altgr keycode 45 = euro
altgr keycode 46 = sterling
altgr keycode 47 = questiondown
altgr keycode 48 = exclamdown
altgr keycode 49 = guillemotleft
altgr keycode 50 = guillemotright

altgr keycode 113 = dollar

# Berry key sends Control + this code
# Use it for Tmux prefix
control keycode 171 = Control_b

# Meta Q / A move between words
keycode 172 = F172
keycode 173 = F173
string F172 = "\033[1;5D"
string F173 = "\033[1;5C"


# Alt + enter
keycode 147 = Tab
# Alt + backspace
keycode 133 = Delete
# Alt + dollar key
keycode 232 = asciitilde

