# Symbols: https://github.com/SFML/SFML/blob/master/src/SFML/Window/Unix/KeySymToUnicodeMapping.cpp
# HackBerry: https://github.com/ZitaoTech/Hackberry-Pi_Zero/tree/main/Keyboard

# Without Alt,Sym,Left/Right Shift
keycode 113 = dollar

# Nav Bar
keycode 170 = Control_b
keycode 171 = Control_b # BlackBerry key sends  Tmux prefix
keycode 172 = Escape
keycode 173 = Tab

# With Alt key
keycode 130 = bar
keycode 135 = Control_q
keycode 136 = Control_w
keycode 137 = Control_e
keycode 138 = Control_r
keycode 139 = Control_t
keycode 140 = Control_y
keycode 141 = Control_u
keycode 142 = Control_i
keycode 143 = Control_o
keycode 144 = Control_p

keycode 149 = Control_a
keycode 150 = Control_s
keycode 151 = Control_d
keycode 152 = Control_f
keycode 153 = Control_g
keycode 154 = Control_h
keycode 155 = Control_j
keycode 156 = Control_k
keycode 157 = Control_l

keycode 163 = Control_z
keycode 164 = Control_x
keycode 165 = Control_c
keycode 166 = Control_v
keycode 167 = Control_b
keycode 168 = Control_n
keycode 169 = Control_m

keycode 147 = Tab # Alt + enter
keycode 133 = Delete # Alt + backspace
keycode 232 = asciitilde # Alt + dollar key


# With Sym key
altgr keycode 16 = a
altgr keycode 17 = b
altgr keycode 18 = c
altgr keycode 19 = d
altgr keycode 20 = e
altgr keycode 21 = f
altgr keycode 22 = g
altgr keycode 23 = h
altgr keycode 24 = i
altgr keycode 25 = j

altgr keycode 30 = k
altgr keycode 31 = l
altgr keycode 32 = m
altgr keycode 33 = n
altgr keycode 34 = o
altgr keycode 35 = p
altgr keycode 36 = q
altgr keycode 37 = r
altgr keycode 38 = s

altgr keycode 44 = t
altgr keycode 45 = u
altgr keycode 46 = v
altgr keycode 47 = w
altgr keycode 48 = x
altgr keycode 49 = y
altgr keycode 50 = z
